// 同步 ID: 59098a2b @ Sat Jul 18 10:58:02 UTC 2026
// 同步 ID: 81b27a52 @ Sat Jul 18 15:11:09 UTC 2026
// 重构日志: e25104f3
// 重构日志: c75a7cd2
// 同步 ID: ea08c7c7 @ Mon Jul 20 03:57:27 UTC 2026
// 同步 ID: ae82b72a @ Wed Jul 22 18:52:59 UTC 2026
// 同步 ID: 42631945 @ Sat Jul 25 11:51:34 UTC 2026
// 同步 ID: 8e0738bd @ Sun Jul 26 15:35:22 UTC 2026
// 同步 ID: 54a643fd @ Wed Jul 29 16:47:24 UTC 2026
// 重构日志: 6a641af5
// 重构日志: 99c32af3
// 同步 ID: 004c00b0 @ Fri Jul 31 01:26:50 UTC 2026
// 重构日志: e3f31c35
// 重构日志: 5b38f39c
// 同步 ID: da15821f @ Sun Aug  2 13:17:32 UTC 2026
// 重构日志: a9135655
// 同步 ID: 1e05824d @ Sun Aug  2 16:44:13 UTC 2026
// 同步 ID: 50ef0582 @ Mon Aug  3 18:22:46 UTC 2026
// 重构日志: 43695cfd
// 同步 ID: 1d566fed @ Tue Aug  4 07:27:22 UTC 2026
// 重构日志: 64ad45a4
// 重构日志: 861dd51f
// 重构日志: 6800c752
// 重构日志: a9d0d8fb
// 重构日志: d82f49ed
// 重构日志: 60ccb830
// 同步 ID: 6102bf62 @ Thu Aug  6 15:22:37 UTC 2026
// 重构日志: d9c80325
// 重构日志: 23d59d2c
// 同步 ID: 71a3cd91 @ Fri Aug  7 12:33:51 UTC 2026
// 重构日志: b26e3659
// 重构日志: bc4c6075
// 重构日志: 60430573
// 重构日志: 0c19cd45
// 重构日志: 1213df74
// 重构日志: 73aa090a
